// Jest Snapshot v1, https://goo.gl/fbAQLP

exports[`Text should render component properly 1`] = `
<span
  className="text false"
>
  text
</span>
`;
