// Jest Snapshot v1, https://goo.gl/fbAQLP

exports[`Header should render component properly 1`] = `
<span
  className="Header"
>
  header
</span>
`;
