// Jest Snapshot v1, https://goo.gl/fbAQLP

exports[`Label should render component properly 1`] = `
<label
  className="Label"
  htmlFor="test"
>
  label
</label>
`;
